## build log Mon Sep  7 01:57:48 UTC 2026
== sources/src-achievements ==
[INFO] Scanning for projects...
[INFO] 
[INFO] -----------------------< mavo:mavo-achievements >-----------------------
[INFO] Building mavo-achievements 1.7.2
[INFO]   from pom.xml
[INFO] --------------------------------[ jar ]---------------------------------
[INFO] 
[INFO] --- resources:3.4.0:resources (default-resources) @ mavo-achievements ---
[INFO] Copying 2 resources from src/main/resources to target/classes
[INFO] 
[INFO] --- compiler:3.15.0:compile (default-compile) @ mavo-achievements ---
[INFO] Nothing to compile - all classes are up to date.
[INFO] 
[INFO] --- resources:3.4.0:testResources (default-testResources) @ mavo-achievements ---
[INFO] skip non existing resourceDirectory /home/runner/work/mavocraft-backup/mavocraft-backup/sources/src-achievements/src/test/resources
[INFO] 
[INFO] --- compiler:3.15.0:testCompile (default-testCompile) @ mavo-achievements ---
[INFO] No sources to compile
[INFO] 
[INFO] --- surefire:3.5.4:test (default-test) @ mavo-achievements ---
[INFO] Tests are skipped.
[INFO] 
[INFO] --- jar:3.5.0:jar (default-jar) @ mavo-achievements ---
[INFO] ------------------------------------------------------------------------
[INFO] BUILD SUCCESS
[INFO] ------------------------------------------------------------------------
[INFO] Total time:  1.085 s
[INFO] Finished at: 2026-09-07T01:57:50Z
[INFO] ------------------------------------------------------------------------
== sources/src-auction ==
[INFO] Scanning for projects...
[INFO] 
[INFO] -------------------------< mavo:mavo-auction >--------------------------
[INFO] Building mavo-auction 1.1.0
[INFO]   from pom.xml
[INFO] --------------------------------[ jar ]---------------------------------
[INFO] 
[INFO] --- resources:3.4.0:resources (default-resources) @ mavo-auction ---
[INFO] Copying 2 resources from src/main/resources to target/classes
[INFO] 
[INFO] --- compiler:3.15.0:compile (default-compile) @ mavo-auction ---
[INFO] Nothing to compile - all classes are up to date.
[INFO] 
[INFO] --- resources:3.4.0:testResources (default-testResources) @ mavo-auction ---
[INFO] skip non existing resourceDirectory /home/runner/work/mavocraft-backup/mavocraft-backup/sources/src-auction/src/test/resources
[INFO] 
[INFO] --- compiler:3.15.0:testCompile (default-testCompile) @ mavo-auction ---
[INFO] No sources to compile
[INFO] 
[INFO] --- surefire:3.5.4:test (default-test) @ mavo-auction ---
[INFO] Tests are skipped.
[INFO] 
[INFO] --- jar:3.5.0:jar (default-jar) @ mavo-auction ---
[INFO] ------------------------------------------------------------------------
[INFO] BUILD SUCCESS
[INFO] ------------------------------------------------------------------------
[INFO] Total time:  1.075 s
[INFO] Finished at: 2026-09-07T01:57:52Z
[INFO] ------------------------------------------------------------------------
== sources/src-bossraid ==
[INFO] Scanning for projects...
[INFO] 
[INFO] -------------------------< mavo:mavo-bossraid >-------------------------
[INFO] Building mavo-bossraid 1.0.0
[INFO]   from pom.xml
[INFO] --------------------------------[ jar ]---------------------------------
[INFO] 
[INFO] --- resources:3.4.0:resources (default-resources) @ mavo-bossraid ---
[INFO] Copying 2 resources from src/main/resources to target/classes
[INFO] 
[INFO] --- compiler:3.15.0:compile (default-compile) @ mavo-bossraid ---
[INFO] Nothing to compile - all classes are up to date.
[INFO] 
[INFO] --- resources:3.4.0:testResources (default-testResources) @ mavo-bossraid ---
[INFO] skip non existing resourceDirectory /home/runner/work/mavocraft-backup/mavocraft-backup/sources/src-bossraid/src/test/resources
[INFO] 
[INFO] --- compiler:3.15.0:testCompile (default-testCompile) @ mavo-bossraid ---
[INFO] No sources to compile
[INFO] 
[INFO] --- surefire:3.5.4:test (default-test) @ mavo-bossraid ---
[INFO] Tests are skipped.
[INFO] 
[INFO] --- jar:3.5.0:jar (default-jar) @ mavo-bossraid ---
[INFO] ------------------------------------------------------------------------
[INFO] BUILD SUCCESS
[INFO] ------------------------------------------------------------------------
[INFO] Total time:  1.064 s
[INFO] Finished at: 2026-09-07T01:57:55Z
[INFO] ------------------------------------------------------------------------
== sources/src-casino ==
[INFO] Scanning for projects...
[INFO] 
[INFO] --------------------------< mavo:mavo-casino >--------------------------
[INFO] Building mavo-casino 1.2.4
[INFO]   from pom.xml
[INFO] --------------------------------[ jar ]---------------------------------
[INFO] 
[INFO] --- resources:3.4.0:resources (default-resources) @ mavo-casino ---
[INFO] Copying 2 resources from src/main/resources to target/classes
[INFO] 
[INFO] --- compiler:3.15.0:compile (default-compile) @ mavo-casino ---
[INFO] Nothing to compile - all classes are up to date.
[INFO] 
[INFO] --- resources:3.4.0:testResources (default-testResources) @ mavo-casino ---
[INFO] skip non existing resourceDirectory /home/runner/work/mavocraft-backup/mavocraft-backup/sources/src-casino/src/test/resources
[INFO] 
[INFO] --- compiler:3.15.0:testCompile (default-testCompile) @ mavo-casino ---
[INFO] No sources to compile
[INFO] 
[INFO] --- surefire:3.5.4:test (default-test) @ mavo-casino ---
[INFO] Tests are skipped.
[INFO] 
[INFO] --- jar:3.5.0:jar (default-jar) @ mavo-casino ---
[INFO] ------------------------------------------------------------------------
[INFO] BUILD SUCCESS
[INFO] ------------------------------------------------------------------------
[INFO] Total time:  1.098 s
[INFO] Finished at: 2026-09-07T01:57:57Z
[INFO] ------------------------------------------------------------------------
== sources/src-chestshop ==
[INFO] Scanning for projects...
[INFO] 
[INFO] ------------------------< mavo:mavo-chestshop >-------------------------
[INFO] Building mavo-chestshop 1.0.0
[INFO]   from pom.xml
[INFO] --------------------------------[ jar ]---------------------------------
[INFO] 
[INFO] --- resources:3.4.0:resources (default-resources) @ mavo-chestshop ---
[INFO] Copying 2 resources from src/main/resources to target/classes
[INFO] 
[INFO] --- compiler:3.15.0:compile (default-compile) @ mavo-chestshop ---
[INFO] Nothing to compile - all classes are up to date.
[INFO] 
[INFO] --- resources:3.4.0:testResources (default-testResources) @ mavo-chestshop ---
[INFO] skip non existing resourceDirectory /home/runner/work/mavocraft-backup/mavocraft-backup/sources/src-chestshop/src/test/resources
[INFO] 
[INFO] --- compiler:3.15.0:testCompile (default-testCompile) @ mavo-chestshop ---
[INFO] No sources to compile
[INFO] 
[INFO] --- surefire:3.5.4:test (default-test) @ mavo-chestshop ---
[INFO] Tests are skipped.
[INFO] 
[INFO] --- jar:3.5.0:jar (default-jar) @ mavo-chestshop ---
[INFO] ------------------------------------------------------------------------
[INFO] BUILD SUCCESS
[INFO] ------------------------------------------------------------------------
[INFO] Total time:  1.097 s
[INFO] Finished at: 2026-09-07T01:57:59Z
[INFO] ------------------------------------------------------------------------
== sources/src-couples ==
[INFO] Scanning for projects...
[INFO] 
[INFO] -------------------------< mavo:mavo-couples >--------------------------
[INFO] Building mavo-couples 1.0.0
[INFO]   from pom.xml
[INFO] --------------------------------[ jar ]---------------------------------
[INFO] 
[INFO] --- resources:3.4.0:resources (default-resources) @ mavo-couples ---
[INFO] Copying 2 resources from src/main/resources to target/classes
[INFO] 
[INFO] --- compiler:3.15.0:compile (default-compile) @ mavo-couples ---
[INFO] Recompiling the module because of changed source code.
[INFO] Compiling 1 source file with javac [debug release 21] to target/classes
[INFO] /home/runner/work/mavocraft-backup/mavocraft-backup/sources/src-couples/src/main/java/mavo/couples/Couples.java: /home/runner/work/mavocraft-backup/mavocraft-backup/sources/src-couples/src/main/java/mavo/couples/Couples.java uses or overrides a deprecated API.
[INFO] /home/runner/work/mavocraft-backup/mavocraft-backup/sources/src-couples/src/main/java/mavo/couples/Couples.java: Recompile with -Xlint:deprecation for details.
[INFO] -------------------------------------------------------------
[ERROR] COMPILATION ERROR : 
[INFO] -------------------------------------------------------------
[ERROR] /home/runner/work/mavocraft-backup/mavocraft-backup/sources/src-couples/src/main/java/mavo/couples/Couples.java:[97,48] cannot find symbol
  symbol:   method midpoint(org.bukkit.Location)
  location: class org.bukkit.Location
[INFO] 1 error
[INFO] -------------------------------------------------------------
[INFO] ------------------------------------------------------------------------
[INFO] BUILD FAILURE
[INFO] ------------------------------------------------------------------------
[INFO] Total time:  1.677 s
[INFO] Finished at: 2026-09-07T01:58:02Z
[INFO] ------------------------------------------------------------------------
[ERROR] Failed to execute goal org.apache.maven.plugins:maven-compiler-plugin:3.15.0:compile (default-compile) on project mavo-couples: Compilation failure
[ERROR] /home/runner/work/mavocraft-backup/mavocraft-backup/sources/src-couples/src/main/java/mavo/couples/Couples.java:[97,48] cannot find symbol
[ERROR]   symbol:   method midpoint(org.bukkit.Location)
[ERROR]   location: class org.bukkit.Location
[ERROR] -> [Help 1]
[ERROR] 
[ERROR] To see the full stack trace of the errors, re-run Maven with the -e switch.
[ERROR] Re-run Maven using the -X switch to enable full debug logging.
[ERROR] 
[ERROR] For more information about the errors and possible solutions, please read the following articles:
[ERROR] [Help 1] http://cwiki.apache.org/confluence/display/MAVEN/MojoFailureException
== sources/src-crafting ==
[INFO] Scanning for projects...
[INFO] 
[INFO] -------------------------< mavo:mavo-crafting >-------------------------
[INFO] Building mavo-crafting 1.0.0
[INFO]   from pom.xml
[INFO] --------------------------------[ jar ]---------------------------------
[INFO] 
[INFO] --- resources:3.4.0:resources (default-resources) @ mavo-crafting ---
[INFO] Copying 2 resources from src/main/resources to target/classes
[INFO] 
[INFO] --- compiler:3.15.0:compile (default-compile) @ mavo-crafting ---
[INFO] Nothing to compile - all classes are up to date.
[INFO] 
[INFO] --- resources:3.4.0:testResources (default-testResources) @ mavo-crafting ---
[INFO] skip non existing resourceDirectory /home/runner/work/mavocraft-backup/mavocraft-backup/sources/src-crafting/src/test/resources
[INFO] 
[INFO] --- compiler:3.15.0:testCompile (default-testCompile) @ mavo-crafting ---
[INFO] No sources to compile
[INFO] 
[INFO] --- surefire:3.5.4:test (default-test) @ mavo-crafting ---
[INFO] Tests are skipped.
[INFO] 
[INFO] --- jar:3.5.0:jar (default-jar) @ mavo-crafting ---
[INFO] ------------------------------------------------------------------------
[INFO] BUILD SUCCESS
[INFO] ------------------------------------------------------------------------
[INFO] Total time:  1.097 s
[INFO] Finished at: 2026-09-07T01:58:04Z
[INFO] ------------------------------------------------------------------------
== sources/src-crates ==
[INFO] Scanning for projects...
[INFO] 
[INFO] --------------------------< mavo:mavo-crates >--------------------------
[INFO] Building mavo-crates 1.0.0
[INFO]   from pom.xml
[INFO] --------------------------------[ jar ]---------------------------------
[INFO] 
[INFO] --- resources:3.4.0:resources (default-resources) @ mavo-crates ---
[INFO] Copying 2 resources from src/main/resources to target/classes
[INFO] 
[INFO] --- compiler:3.15.0:compile (default-compile) @ mavo-crates ---
[INFO] Nothing to compile - all classes are up to date.
[INFO] 
[INFO] --- resources:3.4.0:testResources (default-testResources) @ mavo-crates ---
[INFO] skip non existing resourceDirectory /home/runner/work/mavocraft-backup/mavocraft-backup/sources/src-crates/src/test/resources
[INFO] 
[INFO] --- compiler:3.15.0:testCompile (default-testCompile) @ mavo-crates ---
[INFO] No sources to compile
[INFO] 
[INFO] --- surefire:3.5.4:test (default-test) @ mavo-crates ---
[INFO] Tests are skipped.
[INFO] 
[INFO] --- jar:3.5.0:jar (default-jar) @ mavo-crates ---
[INFO] ------------------------------------------------------------------------
[INFO] BUILD SUCCESS
[INFO] ------------------------------------------------------------------------
[INFO] Total time:  1.047 s
[INFO] Finished at: 2026-09-07T01:58:07Z
[INFO] ------------------------------------------------------------------------
== sources/src-curator ==
[INFO] Scanning for projects...
[INFO] 
[INFO] -------------------------< mavo:mavo-curator >--------------------------
[INFO] Building mavo-curator 1.0.6
[INFO]   from pom.xml
[INFO] --------------------------------[ jar ]---------------------------------
[INFO] 
[INFO] --- resources:3.4.0:resources (default-resources) @ mavo-curator ---
[INFO] Copying 2 resources from src/main/resources to target/classes
[INFO] 
[INFO] --- compiler:3.15.0:compile (default-compile) @ mavo-curator ---
[INFO] Nothing to compile - all classes are up to date.
[INFO] 
[INFO] --- resources:3.4.0:testResources (default-testResources) @ mavo-curator ---
[INFO] skip non existing resourceDirectory /home/runner/work/mavocraft-backup/mavocraft-backup/sources/src-curator/src/test/resources
[INFO] 
[INFO] --- compiler:3.15.0:testCompile (default-testCompile) @ mavo-curator ---
[INFO] No sources to compile
[INFO] 
[INFO] --- surefire:3.5.4:test (default-test) @ mavo-curator ---
[INFO] Tests are skipped.
[INFO] 
[INFO] --- jar:3.5.0:jar (default-jar) @ mavo-curator ---
[INFO] ------------------------------------------------------------------------
[INFO] BUILD SUCCESS
[INFO] ------------------------------------------------------------------------
[INFO] Total time:  1.106 s
[INFO] Finished at: 2026-09-07T01:58:09Z
[INFO] ------------------------------------------------------------------------
== sources/src-deathchest ==
[INFO] Scanning for projects...
[INFO] 
[INFO] ------------------------< mavo:mavo-deathchest >------------------------
[INFO] Building mavo-deathchest 1.2.0
[INFO]   from pom.xml
[INFO] --------------------------------[ jar ]---------------------------------
[INFO] 
[INFO] --- resources:3.4.0:resources (default-resources) @ mavo-deathchest ---
[INFO] Copying 1 resource from src/main/resources to target/classes
[INFO] 
[INFO] --- compiler:3.15.0:compile (default-compile) @ mavo-deathchest ---
[INFO] Nothing to compile - all classes are up to date.
[INFO] 
[INFO] --- resources:3.4.0:testResources (default-testResources) @ mavo-deathchest ---
[INFO] skip non existing resourceDirectory /home/runner/work/mavocraft-backup/mavocraft-backup/sources/src-deathchest/src/test/resources
[INFO] 
[INFO] --- compiler:3.15.0:testCompile (default-testCompile) @ mavo-deathchest ---
[INFO] No sources to compile
[INFO] 
[INFO] --- surefire:3.5.4:test (default-test) @ mavo-deathchest ---
[INFO] Tests are skipped.
[INFO] 
[INFO] --- jar:3.5.0:jar (default-jar) @ mavo-deathchest ---
[INFO] ------------------------------------------------------------------------
[INFO] BUILD SUCCESS
[INFO] ------------------------------------------------------------------------
[INFO] Total time:  1.127 s
[INFO] Finished at: 2026-09-07T01:58:11Z
[INFO] ------------------------------------------------------------------------
== sources/src-doublexp ==
[INFO] Scanning for projects...
[INFO] 
[INFO] -------------------------< mavo:mavo-doublexp >-------------------------
[INFO] Building mavo-doublexp 1.0.0
[INFO]   from pom.xml
[INFO] --------------------------------[ jar ]---------------------------------
[INFO] 
[INFO] --- resources:3.4.0:resources (default-resources) @ mavo-doublexp ---
[INFO] Copying 2 resources from src/main/resources to target/classes
[INFO] 
[INFO] --- compiler:3.15.0:compile (default-compile) @ mavo-doublexp ---
[INFO] Nothing to compile - all classes are up to date.
[INFO] 
[INFO] --- resources:3.4.0:testResources (default-testResources) @ mavo-doublexp ---
[INFO] skip non existing resourceDirectory /home/runner/work/mavocraft-backup/mavocraft-backup/sources/src-doublexp/src/test/resources
[INFO] 
[INFO] --- compiler:3.15.0:testCompile (default-testCompile) @ mavo-doublexp ---
[INFO] No sources to compile
[INFO] 
[INFO] --- surefire:3.5.4:test (default-test) @ mavo-doublexp ---
[INFO] Tests are skipped.
[INFO] 
[INFO] --- jar:3.5.0:jar (default-jar) @ mavo-doublexp ---
[INFO] ------------------------------------------------------------------------
[INFO] BUILD SUCCESS
[INFO] ------------------------------------------------------------------------
[INFO] Total time:  1.068 s
[INFO] Finished at: 2026-09-07T01:58:14Z
[INFO] ------------------------------------------------------------------------
== sources/src-duels ==
[INFO] Scanning for projects...
[INFO] 
[INFO] --------------------------< mavo:mavo-duels >---------------------------
[INFO] Building mavo-duels 1.0.0
[INFO]   from pom.xml
[INFO] --------------------------------[ jar ]---------------------------------
[INFO] 
[INFO] --- resources:3.4.0:resources (default-resources) @ mavo-duels ---
[INFO] Copying 2 resources from src/main/resources to target/classes
[INFO] 
[INFO] --- compiler:3.15.0:compile (default-compile) @ mavo-duels ---
[INFO] Nothing to compile - all classes are up to date.
[INFO] 
[INFO] --- resources:3.4.0:testResources (default-testResources) @ mavo-duels ---
[INFO] skip non existing resourceDirectory /home/runner/work/mavocraft-backup/mavocraft-backup/sources/src-duels/src/test/resources
[INFO] 
[INFO] --- compiler:3.15.0:testCompile (default-testCompile) @ mavo-duels ---
[INFO] No sources to compile
[INFO] 
[INFO] --- surefire:3.5.4:test (default-test) @ mavo-duels ---
[INFO] Tests are skipped.
[INFO] 
[INFO] --- jar:3.5.0:jar (default-jar) @ mavo-duels ---
[INFO] ------------------------------------------------------------------------
[INFO] BUILD SUCCESS
[INFO] ------------------------------------------------------------------------
[INFO] Total time:  1.129 s
[INFO] Finished at: 2026-09-07T01:58:16Z
[INFO] ------------------------------------------------------------------------
== sources/src-enchants ==
[INFO] Scanning for projects...
[INFO] 
[INFO] -------------------------< mavo:mavo-enchants >-------------------------
[INFO] Building mavo-enchants 1.0.0
[INFO]   from pom.xml
[INFO] --------------------------------[ jar ]---------------------------------
[INFO] 
[INFO] --- resources:3.4.0:resources (default-resources) @ mavo-enchants ---
[INFO] Copying 2 resources from src/main/resources to target/classes
[INFO] 
[INFO] --- compiler:3.15.0:compile (default-compile) @ mavo-enchants ---
[INFO] Recompiling the module because of changed source code.
[INFO] Compiling 1 source file with javac [debug release 21] to target/classes
[INFO] /home/runner/work/mavocraft-backup/mavocraft-backup/sources/src-enchants/src/main/java/mavo/enchants/Enchants.java: /home/runner/work/mavocraft-backup/mavocraft-backup/sources/src-enchants/src/main/java/mavo/enchants/Enchants.java uses or overrides a deprecated API.
[INFO] /home/runner/work/mavocraft-backup/mavocraft-backup/sources/src-enchants/src/main/java/mavo/enchants/Enchants.java: Recompile with -Xlint:deprecation for details.
[INFO] -------------------------------------------------------------
[ERROR] COMPILATION ERROR : 
[INFO] -------------------------------------------------------------
[ERROR] /home/runner/work/mavocraft-backup/mavocraft-backup/sources/src-enchants/src/main/java/mavo/enchants/Enchants.java:[154,19] cannot find symbol
  symbol:   variable ORES
  location: interface org.bukkit.Tag
[ERROR] /home/runner/work/mavocraft-backup/mavocraft-backup/sources/src-enchants/src/main/java/mavo/enchants/Enchants.java:[227,54] cannot find symbol
  symbol:   method getDroppedExperience()
  location: variable e of type org.bukkit.event.entity.EntityDeathEvent
[INFO] 2 errors 
[INFO] -------------------------------------------------------------
[INFO] ------------------------------------------------------------------------
[INFO] BUILD FAILURE
[INFO] ------------------------------------------------------------------------
[INFO] Total time:  1.768 s
[INFO] Finished at: 2026-09-07T01:58:19Z
[INFO] ------------------------------------------------------------------------
[ERROR] Failed to execute goal org.apache.maven.plugins:maven-compiler-plugin:3.15.0:compile (default-compile) on project mavo-enchants: Compilation failure: Compilation failure: 
[ERROR] /home/runner/work/mavocraft-backup/mavocraft-backup/sources/src-enchants/src/main/java/mavo/enchants/Enchants.java:[154,19] cannot find symbol
[ERROR]   symbol:   variable ORES
[ERROR]   location: interface org.bukkit.Tag
[ERROR] /home/runner/work/mavocraft-backup/mavocraft-backup/sources/src-enchants/src/main/java/mavo/enchants/Enchants.java:[227,54] cannot find symbol
[ERROR]   symbol:   method getDroppedExperience()
[ERROR]   location: variable e of type org.bukkit.event.entity.EntityDeathEvent
[ERROR] -> [Help 1]
[ERROR] 
[ERROR] To see the full stack trace of the errors, re-run Maven with the -e switch.
[ERROR] Re-run Maven using the -X switch to enable full debug logging.
[ERROR] 
[ERROR] For more information about the errors and possible solutions, please read the following articles:
[ERROR] [Help 1] http://cwiki.apache.org/confluence/display/MAVEN/MojoFailureException
== sources/src-events ==
[INFO] Scanning for projects...
[INFO] 
[INFO] --------------------------< mavo:mavo-events >--------------------------
[INFO] Building mavo-events 1.2.1
[INFO]   from pom.xml
[INFO] --------------------------------[ jar ]---------------------------------
[INFO] 
[INFO] --- resources:3.4.0:resources (default-resources) @ mavo-events ---
[INFO] Copying 1 resource from src/main/resources to target/classes
[INFO] 
[INFO] --- compiler:3.15.0:compile (default-compile) @ mavo-events ---
[INFO] Nothing to compile - all classes are up to date.
[INFO] 
[INFO] --- resources:3.4.0:testResources (default-testResources) @ mavo-events ---
[INFO] skip non existing resourceDirectory /home/runner/work/mavocraft-backup/mavocraft-backup/sources/src-events/src/test/resources
[INFO] 
[INFO] --- compiler:3.15.0:testCompile (default-testCompile) @ mavo-events ---
[INFO] No sources to compile
[INFO] 
[INFO] --- surefire:3.5.4:test (default-test) @ mavo-events ---
[INFO] Tests are skipped.
[INFO] 
[INFO] --- jar:3.5.0:jar (default-jar) @ mavo-events ---
[INFO] ------------------------------------------------------------------------
[INFO] BUILD SUCCESS
[INFO] ------------------------------------------------------------------------
[INFO] Total time:  1.123 s
[INFO] Finished at: 2026-09-07T01:58:21Z
[INFO] ------------------------------------------------------------------------
== sources/src-fishcomp ==
[INFO] Scanning for projects...
[INFO] 
[INFO] -------------------------< mavo:mavo-fishcomp >-------------------------
[INFO] Building mavo-fishcomp 1.0.0
[INFO]   from pom.xml
[INFO] --------------------------------[ jar ]---------------------------------
[INFO] 
[INFO] --- resources:3.4.0:resources (default-resources) @ mavo-fishcomp ---
[INFO] Copying 2 resources from src/main/resources to target/classes
[INFO] 
[INFO] --- compiler:3.15.0:compile (default-compile) @ mavo-fishcomp ---
[INFO] Nothing to compile - all classes are up to date.
[INFO] 
[INFO] --- resources:3.4.0:testResources (default-testResources) @ mavo-fishcomp ---
[INFO] skip non existing resourceDirectory /home/runner/work/mavocraft-backup/mavocraft-backup/sources/src-fishcomp/src/test/resources
[INFO] 
[INFO] --- compiler:3.15.0:testCompile (default-testCompile) @ mavo-fishcomp ---
[INFO] No sources to compile
[INFO] 
[INFO] --- surefire:3.5.4:test (default-test) @ mavo-fishcomp ---
[INFO] Tests are skipped.
[INFO] 
[INFO] --- jar:3.5.0:jar (default-jar) @ mavo-fishcomp ---
[INFO] ------------------------------------------------------------------------
[INFO] BUILD SUCCESS
[INFO] ------------------------------------------------------------------------
[INFO] Total time:  1.100 s
[INFO] Finished at: 2026-09-07T01:58:24Z
[INFO] ------------------------------------------------------------------------
== sources/src-guide ==
[INFO] Scanning for projects...
[INFO] 
[INFO] --------------------------< mavo:mavo-guide >---------------------------
[INFO] Building mavo-guide 2.8.3
[INFO]   from pom.xml
[INFO] --------------------------------[ jar ]---------------------------------
[INFO] 
[INFO] --- resources:3.4.0:resources (default-resources) @ mavo-guide ---
[INFO] Copying 2 resources from src/main/resources to target/classes
[INFO] 
[INFO] --- compiler:3.15.0:compile (default-compile) @ mavo-guide ---
[INFO] Nothing to compile - all classes are up to date.
[INFO] 
[INFO] --- resources:3.4.0:testResources (default-testResources) @ mavo-guide ---
[INFO] skip non existing resourceDirectory /home/runner/work/mavocraft-backup/mavocraft-backup/sources/src-guide/src/test/resources
[INFO] 
[INFO] --- compiler:3.15.0:testCompile (default-testCompile) @ mavo-guide ---
[INFO] No sources to compile
[INFO] 
[INFO] --- surefire:3.5.4:test (default-test) @ mavo-guide ---
[INFO] Tests are skipped.
[INFO] 
[INFO] --- jar:3.5.0:jar (default-jar) @ mavo-guide ---
[INFO] ------------------------------------------------------------------------
[INFO] BUILD SUCCESS
[INFO] ------------------------------------------------------------------------
[INFO] Total time:  1.087 s
[INFO] Finished at: 2026-09-07T01:58:26Z
[INFO] ------------------------------------------------------------------------
== sources/src-guilds ==
[INFO] Scanning for projects...
[INFO] 
[INFO] --------------------------< mavo:mavo-guilds >--------------------------
[INFO] Building mavo-guilds 1.0.0
[INFO]   from pom.xml
[INFO] --------------------------------[ jar ]---------------------------------
[INFO] 
[INFO] --- resources:3.4.0:resources (default-resources) @ mavo-guilds ---
[INFO] Copying 2 resources from src/main/resources to target/classes
[INFO] 
[INFO] --- compiler:3.15.0:compile (default-compile) @ mavo-guilds ---
[INFO] Nothing to compile - all classes are up to date.
[INFO] 
[INFO] --- resources:3.4.0:testResources (default-testResources) @ mavo-guilds ---
[INFO] skip non existing resourceDirectory /home/runner/work/mavocraft-backup/mavocraft-backup/sources/src-guilds/src/test/resources
[INFO] 
[INFO] --- compiler:3.15.0:testCompile (default-testCompile) @ mavo-guilds ---
[INFO] No sources to compile
[INFO] 
[INFO] --- surefire:3.5.4:test (default-test) @ mavo-guilds ---
[INFO] Tests are skipped.
[INFO] 
[INFO] --- jar:3.5.0:jar (default-jar) @ mavo-guilds ---
[INFO] ------------------------------------------------------------------------
[INFO] BUILD SUCCESS
[INFO] ------------------------------------------------------------------------
[INFO] Total time:  1.072 s
[INFO] Finished at: 2026-09-07T01:58:28Z
[INFO] ------------------------------------------------------------------------
== sources/src-locks ==
[INFO] Scanning for projects...
[INFO] 
[INFO] --------------------------< mavo:mavo-locks >---------------------------
[INFO] Building mavo-locks 1.0.0
[INFO]   from pom.xml
[INFO] --------------------------------[ jar ]---------------------------------
[INFO] 
[INFO] --- resources:3.4.0:resources (default-resources) @ mavo-locks ---
[INFO] Copying 2 resources from src/main/resources to target/classes
[INFO] 
[INFO] --- compiler:3.15.0:compile (default-compile) @ mavo-locks ---
[INFO] Nothing to compile - all classes are up to date.
[INFO] 
[INFO] --- resources:3.4.0:testResources (default-testResources) @ mavo-locks ---
[INFO] skip non existing resourceDirectory /home/runner/work/mavocraft-backup/mavocraft-backup/sources/src-locks/src/test/resources
[INFO] 
[INFO] --- compiler:3.15.0:testCompile (default-testCompile) @ mavo-locks ---
[INFO] No sources to compile
[INFO] 
[INFO] --- surefire:3.5.4:test (default-test) @ mavo-locks ---
[INFO] Tests are skipped.
[INFO] 
[INFO] --- jar:3.5.0:jar (default-jar) @ mavo-locks ---
[INFO] ------------------------------------------------------------------------
[INFO] BUILD SUCCESS
[INFO] ------------------------------------------------------------------------
[INFO] Total time:  1.105 s
[INFO] Finished at: 2026-09-07T01:58:31Z
[INFO] ------------------------------------------------------------------------
== sources/src-lucky ==
[INFO] Scanning for projects...
[INFO] 
[INFO] --------------------------< mavo:mavo-lucky >---------------------------
[INFO] Building mavo-lucky 1.5.6
[INFO]   from pom.xml
[INFO] --------------------------------[ jar ]---------------------------------
[INFO] 
[INFO] --- resources:3.4.0:resources (default-resources) @ mavo-lucky ---
[INFO] Copying 2 resources from src/main/resources to target/classes
[INFO] 
[INFO] --- compiler:3.15.0:compile (default-compile) @ mavo-lucky ---
[INFO] Nothing to compile - all classes are up to date.
[INFO] 
[INFO] --- resources:3.4.0:testResources (default-testResources) @ mavo-lucky ---
[INFO] skip non existing resourceDirectory /home/runner/work/mavocraft-backup/mavocraft-backup/sources/src-lucky/src/test/resources
[INFO] 
[INFO] --- compiler:3.15.0:testCompile (default-testCompile) @ mavo-lucky ---
[INFO] No sources to compile
[INFO] 
[INFO] --- surefire:3.5.4:test (default-test) @ mavo-lucky ---
[INFO] Tests are skipped.
[INFO] 
[INFO] --- jar:3.5.0:jar (default-jar) @ mavo-lucky ---
[INFO] ------------------------------------------------------------------------
[INFO] BUILD SUCCESS
[INFO] ------------------------------------------------------------------------
[INFO] Total time:  1.129 s
[INFO] Finished at: 2026-09-07T01:58:33Z
[INFO] ------------------------------------------------------------------------
== sources/src-mail ==
[INFO] Scanning for projects...
[INFO] 
[INFO] ---------------------------< mavo:mavo-mail >---------------------------
[INFO] Building mavo-mail 1.0.0
[INFO]   from pom.xml
[INFO] --------------------------------[ jar ]---------------------------------
[INFO] 
[INFO] --- resources:3.4.0:resources (default-resources) @ mavo-mail ---
[INFO] Copying 2 resources from src/main/resources to target/classes
[INFO] 
[INFO] --- compiler:3.15.0:compile (default-compile) @ mavo-mail ---
[INFO] Nothing to compile - all classes are up to date.
[INFO] 
[INFO] --- resources:3.4.0:testResources (default-testResources) @ mavo-mail ---
[INFO] skip non existing resourceDirectory /home/runner/work/mavocraft-backup/mavocraft-backup/sources/src-mail/src/test/resources
[INFO] 
[INFO] --- compiler:3.15.0:testCompile (default-testCompile) @ mavo-mail ---
[INFO] No sources to compile
[INFO] 
[INFO] --- surefire:3.5.4:test (default-test) @ mavo-mail ---
[INFO] Tests are skipped.
[INFO] 
[INFO] --- jar:3.5.0:jar (default-jar) @ mavo-mail ---
[INFO] ------------------------------------------------------------------------
[INFO] BUILD SUCCESS
[INFO] ------------------------------------------------------------------------
[INFO] Total time:  1.095 s
[INFO] Finished at: 2026-09-07T01:58:35Z
[INFO] ------------------------------------------------------------------------
== sources/src-miniboss ==
[INFO] Scanning for projects...
[INFO] 
[INFO] -------------------------< mavo:mavo-miniboss >-------------------------
[INFO] Building mavo-miniboss 1.0.0
[INFO]   from pom.xml
[INFO] --------------------------------[ jar ]---------------------------------
[INFO] 
[INFO] --- resources:3.4.0:resources (default-resources) @ mavo-miniboss ---
[INFO] Copying 2 resources from src/main/resources to target/classes
[INFO] 
[INFO] --- compiler:3.15.0:compile (default-compile) @ mavo-miniboss ---
[INFO] Recompiling the module because of changed source code.
[INFO] Compiling 1 source file with javac [debug release 21] to target/classes
[INFO] /home/runner/work/mavocraft-backup/mavocraft-backup/sources/src-miniboss/src/main/java/mavo/miniboss/MiniBoss.java: /home/runner/work/mavocraft-backup/mavocraft-backup/sources/src-miniboss/src/main/java/mavo/miniboss/MiniBoss.java uses or overrides a deprecated API.
[INFO] /home/runner/work/mavocraft-backup/mavocraft-backup/sources/src-miniboss/src/main/java/mavo/miniboss/MiniBoss.java: Recompile with -Xlint:deprecation for details.
[INFO] Some messages have been simplified; recompile with -Xdiags:verbose to get full output
[INFO] -------------------------------------------------------------
[ERROR] COMPILATION ERROR : 
[INFO] -------------------------------------------------------------
[ERROR] /home/runner/work/mavocraft-backup/mavocraft-backup/sources/src-miniboss/src/main/java/mavo/miniboss/MiniBoss.java:[191,79] incompatible types: org.bukkit.entity.Entity cannot be converted to org.bukkit.entity.LivingEntity
[ERROR] /home/runner/work/mavocraft-backup/mavocraft-backup/sources/src-miniboss/src/main/java/mavo/miniboss/MiniBoss.java:[199,79] incompatible types: org.bukkit.entity.Entity cannot be converted to org.bukkit.entity.LivingEntity
[INFO] 2 errors 
[INFO] -------------------------------------------------------------
[INFO] ------------------------------------------------------------------------
[INFO] BUILD FAILURE
[INFO] ------------------------------------------------------------------------
[INFO] Total time:  1.696 s
[INFO] Finished at: 2026-09-07T01:58:38Z
[INFO] ------------------------------------------------------------------------
[ERROR] Failed to execute goal org.apache.maven.plugins:maven-compiler-plugin:3.15.0:compile (default-compile) on project mavo-miniboss: Compilation failure: Compilation failure: 
[ERROR] /home/runner/work/mavocraft-backup/mavocraft-backup/sources/src-miniboss/src/main/java/mavo/miniboss/MiniBoss.java:[191,79] incompatible types: org.bukkit.entity.Entity cannot be converted to org.bukkit.entity.LivingEntity
[ERROR] /home/runner/work/mavocraft-backup/mavocraft-backup/sources/src-miniboss/src/main/java/mavo/miniboss/MiniBoss.java:[199,79] incompatible types: org.bukkit.entity.Entity cannot be converted to org.bukkit.entity.LivingEntity
[ERROR] -> [Help 1]
[ERROR] 
[ERROR] To see the full stack trace of the errors, re-run Maven with the -e switch.
[ERROR] Re-run Maven using the -X switch to enable full debug logging.
[ERROR] 
[ERROR] For more information about the errors and possible solutions, please read the following articles:
[ERROR] [Help 1] http://cwiki.apache.org/confluence/display/MAVEN/MojoFailureException
== sources/src-mobfarm ==
[INFO] Scanning for projects...
[INFO] 
[INFO] -------------------------< mavo:mavo-mobfarm >--------------------------
[INFO] Building mavo-mobfarm 2.7.7
[INFO]   from pom.xml
[INFO] --------------------------------[ jar ]---------------------------------
[INFO] 
[INFO] --- resources:3.4.0:resources (default-resources) @ mavo-mobfarm ---
[INFO] Copying 2 resources from src/main/resources to target/classes
[INFO] 
[INFO] --- compiler:3.13.0:compile (default-compile) @ mavo-mobfarm ---
[INFO] Nothing to compile - all classes are up to date.
[INFO] 
[INFO] --- resources:3.4.0:testResources (default-testResources) @ mavo-mobfarm ---
[INFO] skip non existing resourceDirectory /home/runner/work/mavocraft-backup/mavocraft-backup/sources/src-mobfarm/src/test/resources
[INFO] 
[INFO] --- compiler:3.13.0:testCompile (default-testCompile) @ mavo-mobfarm ---
[INFO] No sources to compile
[INFO] 
[INFO] --- surefire:3.5.4:test (default-test) @ mavo-mobfarm ---
[INFO] Tests are skipped.
[INFO] 
[INFO] --- jar:3.5.0:jar (default-jar) @ mavo-mobfarm ---
[INFO] ------------------------------------------------------------------------
[INFO] BUILD SUCCESS
[INFO] ------------------------------------------------------------------------
[INFO] Total time:  1.110 s
[INFO] Finished at: 2026-09-07T01:58:40Z
[INFO] ------------------------------------------------------------------------
== sources/src-pets ==
[INFO] Scanning for projects...
[INFO] 
[INFO] ---------------------------< mavo:mavo-pets >---------------------------
[INFO] Building mavo-pets 2.0.0
[INFO]   from pom.xml
[INFO] --------------------------------[ jar ]---------------------------------
[INFO] 
[INFO] --- resources:3.4.0:resources (default-resources) @ mavo-pets ---
[INFO] Copying 2 resources from src/main/resources to target/classes
[INFO] 
[INFO] --- compiler:3.15.0:compile (default-compile) @ mavo-pets ---
[INFO] Nothing to compile - all classes are up to date.
[INFO] 
[INFO] --- resources:3.4.0:testResources (default-testResources) @ mavo-pets ---
[INFO] skip non existing resourceDirectory /home/runner/work/mavocraft-backup/mavocraft-backup/sources/src-pets/src/test/resources
[INFO] 
[INFO] --- compiler:3.15.0:testCompile (default-testCompile) @ mavo-pets ---
[INFO] No sources to compile
[INFO] 
[INFO] --- surefire:3.5.4:test (default-test) @ mavo-pets ---
[INFO] Tests are skipped.
[INFO] 
[INFO] --- jar:3.5.0:jar (default-jar) @ mavo-pets ---
[INFO] ------------------------------------------------------------------------
[INFO] BUILD SUCCESS
[INFO] ------------------------------------------------------------------------
[INFO] Total time:  1.114 s
[INFO] Finished at: 2026-09-07T01:58:43Z
[INFO] ------------------------------------------------------------------------
== sources/src-professions ==
[INFO] Scanning for projects...
[INFO] 
[INFO] -----------------------< mavo:mavo-professions >------------------------
[INFO] Building mavo-professions 3.15.5
[INFO]   from pom.xml
[INFO] --------------------------------[ jar ]---------------------------------
[INFO] 
[INFO] --- resources:3.4.0:resources (default-resources) @ mavo-professions ---
[INFO] Copying 2 resources from src/main/resources to target/classes
[INFO] 
[INFO] --- compiler:3.15.0:compile (default-compile) @ mavo-professions ---
[INFO] Nothing to compile - all classes are up to date.
[INFO] 
[INFO] --- resources:3.4.0:testResources (default-testResources) @ mavo-professions ---
[INFO] skip non existing resourceDirectory /home/runner/work/mavocraft-backup/mavocraft-backup/sources/src-professions/src/test/resources
[INFO] 
[INFO] --- compiler:3.15.0:testCompile (default-testCompile) @ mavo-professions ---
[INFO] No sources to compile
[INFO] 
[INFO] --- surefire:3.5.4:test (default-test) @ mavo-professions ---
[INFO] Tests are skipped.
[INFO] 
[INFO] --- jar:3.5.0:jar (default-jar) @ mavo-professions ---
[INFO] ------------------------------------------------------------------------
[INFO] BUILD SUCCESS
[INFO] ------------------------------------------------------------------------
[INFO] Total time:  1.122 s
[INFO] Finished at: 2026-09-07T01:58:45Z
[INFO] ------------------------------------------------------------------------
== sources/src-seasonal ==
[INFO] Scanning for projects...
[INFO] 
[INFO] -------------------------< mavo:mavo-seasonal >-------------------------
[INFO] Building mavo-seasonal 1.0.0
[INFO]   from pom.xml
[INFO] --------------------------------[ jar ]---------------------------------
[INFO] 
[INFO] --- resources:3.4.0:resources (default-resources) @ mavo-seasonal ---
[INFO] Copying 2 resources from src/main/resources to target/classes
[INFO] 
[INFO] --- compiler:3.15.0:compile (default-compile) @ mavo-seasonal ---
[INFO] Nothing to compile - all classes are up to date.
[INFO] 
[INFO] --- resources:3.4.0:testResources (default-testResources) @ mavo-seasonal ---
[INFO] skip non existing resourceDirectory /home/runner/work/mavocraft-backup/mavocraft-backup/sources/src-seasonal/src/test/resources
[INFO] 
[INFO] --- compiler:3.15.0:testCompile (default-testCompile) @ mavo-seasonal ---
[INFO] No sources to compile
[INFO] 
[INFO] --- surefire:3.5.4:test (default-test) @ mavo-seasonal ---
[INFO] Tests are skipped.
[INFO] 
[INFO] --- jar:3.5.0:jar (default-jar) @ mavo-seasonal ---
[INFO] ------------------------------------------------------------------------
[INFO] BUILD SUCCESS
[INFO] ------------------------------------------------------------------------
[INFO] Total time:  1.048 s
[INFO] Finished at: 2026-09-07T01:58:47Z
[INFO] ------------------------------------------------------------------------
== sources/src-shopnpc ==
[INFO] Scanning for projects...
[INFO] 
[INFO] -------------------------< mavo:mavo-shopnpc >--------------------------
[INFO] Building mavo-shopnpc 1.3.3
[INFO]   from pom.xml
[INFO] --------------------------------[ jar ]---------------------------------
[INFO] 
[INFO] --- resources:3.4.0:resources (default-resources) @ mavo-shopnpc ---
[INFO] Copying 1 resource from src/main/resources to target/classes
[INFO] 
[INFO] --- compiler:3.15.0:compile (default-compile) @ mavo-shopnpc ---
[INFO] Nothing to compile - all classes are up to date.
[INFO] 
[INFO] --- resources:3.4.0:testResources (default-testResources) @ mavo-shopnpc ---
[INFO] skip non existing resourceDirectory /home/runner/work/mavocraft-backup/mavocraft-backup/sources/src-shopnpc/src/test/resources
[INFO] 
[INFO] --- compiler:3.15.0:testCompile (default-testCompile) @ mavo-shopnpc ---
[INFO] No sources to compile
[INFO] 
[INFO] --- surefire:3.5.4:test (default-test) @ mavo-shopnpc ---
[INFO] Tests are skipped.
[INFO] 
[INFO] --- jar:3.5.0:jar (default-jar) @ mavo-shopnpc ---
[INFO] ------------------------------------------------------------------------
[INFO] BUILD SUCCESS
[INFO] ------------------------------------------------------------------------
[INFO] Total time:  1.147 s
[INFO] Finished at: 2026-09-07T01:58:50Z
[INFO] ------------------------------------------------------------------------
== sources/src-spawners ==
[INFO] Scanning for projects...
[INFO] 
[INFO] -------------------------< mavo:mavo-spawners >-------------------------
[INFO] Building mavo-spawners 1.0.0
[INFO]   from pom.xml
[INFO] --------------------------------[ jar ]---------------------------------
[INFO] 
[INFO] --- resources:3.4.0:resources (default-resources) @ mavo-spawners ---
[INFO] Copying 2 resources from src/main/resources to target/classes
[INFO] 
[INFO] --- compiler:3.15.0:compile (default-compile) @ mavo-spawners ---
[INFO] Recompiling the module because of changed source code.
[INFO] Compiling 1 source file with javac [debug release 21] to target/classes
[INFO] /home/runner/work/mavocraft-backup/mavocraft-backup/sources/src-spawners/src/main/java/mavo/spawners/Spawners.java: /home/runner/work/mavocraft-backup/mavocraft-backup/sources/src-spawners/src/main/java/mavo/spawners/Spawners.java uses or overrides a deprecated API.
[INFO] /home/runner/work/mavocraft-backup/mavocraft-backup/sources/src-spawners/src/main/java/mavo/spawners/Spawners.java: Recompile with -Xlint:deprecation for details.
[INFO] -------------------------------------------------------------
[ERROR] COMPILATION ERROR : 
[INFO] -------------------------------------------------------------
[ERROR] /home/runner/work/mavocraft-backup/mavocraft-backup/sources/src-spawners/src/main/java/mavo/spawners/Spawners.java:[105,31] cannot find symbol
  symbol:   method getActivationRange()
  location: variable cs of type org.bukkit.block.CreatureSpawner
[INFO] 1 error
[INFO] -------------------------------------------------------------
[INFO] ------------------------------------------------------------------------
[INFO] BUILD FAILURE
[INFO] ------------------------------------------------------------------------
[INFO] Total time:  1.737 s
[INFO] Finished at: 2026-09-07T01:58:53Z
[INFO] ------------------------------------------------------------------------
[ERROR] Failed to execute goal org.apache.maven.plugins:maven-compiler-plugin:3.15.0:compile (default-compile) on project mavo-spawners: Compilation failure
[ERROR] /home/runner/work/mavocraft-backup/mavocraft-backup/sources/src-spawners/src/main/java/mavo/spawners/Spawners.java:[105,31] cannot find symbol
[ERROR]   symbol:   method getActivationRange()
[ERROR]   location: variable cs of type org.bukkit.block.CreatureSpawner
[ERROR] -> [Help 1]
[ERROR] 
[ERROR] To see the full stack trace of the errors, re-run Maven with the -e switch.
[ERROR] Re-run Maven using the -X switch to enable full debug logging.
[ERROR] 
[ERROR] For more information about the errors and possible solutions, please read the following articles:
[ERROR] [Help 1] http://cwiki.apache.org/confluence/display/MAVEN/MojoFailureException
== sources/src-timber ==
[INFO] Scanning for projects...
[INFO] 
[INFO] --------------------------< mavo:mavo-timber >--------------------------
[INFO] Building mavo-timber 1.0.0
[INFO]   from pom.xml
[INFO] --------------------------------[ jar ]---------------------------------
[INFO] 
[INFO] --- resources:3.4.0:resources (default-resources) @ mavo-timber ---
[INFO] Copying 2 resources from src/main/resources to target/classes
[INFO] 
[INFO] --- compiler:3.15.0:compile (default-compile) @ mavo-timber ---
[INFO] Nothing to compile - all classes are up to date.
[INFO] 
[INFO] --- resources:3.4.0:testResources (default-testResources) @ mavo-timber ---
[INFO] skip non existing resourceDirectory /home/runner/work/mavocraft-backup/mavocraft-backup/sources/src-timber/src/test/resources
[INFO] 
[INFO] --- compiler:3.15.0:testCompile (default-testCompile) @ mavo-timber ---
[INFO] No sources to compile
[INFO] 
[INFO] --- surefire:3.5.4:test (default-test) @ mavo-timber ---
[INFO] Tests are skipped.
[INFO] 
[INFO] --- jar:3.5.0:jar (default-jar) @ mavo-timber ---
[INFO] ------------------------------------------------------------------------
[INFO] BUILD SUCCESS
[INFO] ------------------------------------------------------------------------
[INFO] Total time:  1.095 s
[INFO] Finished at: 2026-09-07T01:58:55Z
[INFO] ------------------------------------------------------------------------
== sources/src-tpa ==
[INFO] Scanning for projects...
[INFO] 
[INFO] ---------------------------< mavo:mavo-tpa >----------------------------
[INFO] Building mavo-tpa 1.0.0
[INFO]   from pom.xml
[INFO] --------------------------------[ jar ]---------------------------------
[INFO] 
[INFO] --- resources:3.4.0:resources (default-resources) @ mavo-tpa ---
[INFO] Copying 2 resources from src/main/resources to target/classes
[INFO] 
[INFO] --- compiler:3.15.0:compile (default-compile) @ mavo-tpa ---
[INFO] Nothing to compile - all classes are up to date.
[INFO] 
[INFO] --- resources:3.4.0:testResources (default-testResources) @ mavo-tpa ---
[INFO] skip non existing resourceDirectory /home/runner/work/mavocraft-backup/mavocraft-backup/sources/src-tpa/src/test/resources
[INFO] 
[INFO] --- compiler:3.15.0:testCompile (default-testCompile) @ mavo-tpa ---
[INFO] No sources to compile
[INFO] 
[INFO] --- surefire:3.5.4:test (default-test) @ mavo-tpa ---
[INFO] Tests are skipped.
[INFO] 
[INFO] --- jar:3.5.0:jar (default-jar) @ mavo-tpa ---
[INFO] ------------------------------------------------------------------------
[INFO] BUILD SUCCESS
[INFO] ------------------------------------------------------------------------
[INFO] Total time:  1.125 s
[INFO] Finished at: 2026-09-07T01:58:58Z
[INFO] ------------------------------------------------------------------------
== sources/src-wanderer ==
[INFO] Scanning for projects...
[INFO] 
[INFO] -------------------------< mavo:mavo-wanderer >-------------------------
[INFO] Building mavo-wanderer 1.1.0
[INFO]   from pom.xml
[INFO] --------------------------------[ jar ]---------------------------------
[INFO] 
[INFO] --- resources:3.4.0:resources (default-resources) @ mavo-wanderer ---
[INFO] Copying 1 resource from src/main/resources to target/classes
[INFO] 
[INFO] --- compiler:3.15.0:compile (default-compile) @ mavo-wanderer ---
[INFO] Nothing to compile - all classes are up to date.
[INFO] 
[INFO] --- resources:3.4.0:testResources (default-testResources) @ mavo-wanderer ---
[INFO] skip non existing resourceDirectory /home/runner/work/mavocraft-backup/mavocraft-backup/sources/src-wanderer/src/test/resources
[INFO] 
[INFO] --- compiler:3.15.0:testCompile (default-testCompile) @ mavo-wanderer ---
[INFO] No sources to compile
[INFO] 
[INFO] --- surefire:3.5.4:test (default-test) @ mavo-wanderer ---
[INFO] Tests are skipped.
[INFO] 
[INFO] --- jar:3.5.0:jar (default-jar) @ mavo-wanderer ---
[INFO] ------------------------------------------------------------------------
[INFO] BUILD SUCCESS
[INFO] ------------------------------------------------------------------------
[INFO] Total time:  1.128 s
[INFO] Finished at: 2026-09-07T01:59:00Z
[INFO] ------------------------------------------------------------------------
== sources/src-warps ==
[INFO] Scanning for projects...
[INFO] 
[INFO] --------------------------< mavo:mavo-warps >---------------------------
[INFO] Building mavo-warps 1.0.0
[INFO]   from pom.xml
[INFO] --------------------------------[ jar ]---------------------------------
[INFO] 
[INFO] --- resources:3.4.0:resources (default-resources) @ mavo-warps ---
[INFO] Copying 2 resources from src/main/resources to target/classes
[INFO] 
[INFO] --- compiler:3.15.0:compile (default-compile) @ mavo-warps ---
[INFO] Nothing to compile - all classes are up to date.
[INFO] 
[INFO] --- resources:3.4.0:testResources (default-testResources) @ mavo-warps ---
[INFO] skip non existing resourceDirectory /home/runner/work/mavocraft-backup/mavocraft-backup/sources/src-warps/src/test/resources
[INFO] 
[INFO] --- compiler:3.15.0:testCompile (default-testCompile) @ mavo-warps ---
[INFO] No sources to compile
[INFO] 
[INFO] --- surefire:3.5.4:test (default-test) @ mavo-warps ---
[INFO] Tests are skipped.
[INFO] 
[INFO] --- jar:3.5.0:jar (default-jar) @ mavo-warps ---
[INFO] ------------------------------------------------------------------------
[INFO] BUILD SUCCESS
[INFO] ------------------------------------------------------------------------
[INFO] Total time:  1.112 s
[INFO] Finished at: 2026-09-07T01:59:02Z
[INFO] ------------------------------------------------------------------------
== sources/src-wild ==
[INFO] Scanning for projects...
[INFO] 
[INFO] ---------------------------< mavo:mavo-wild >---------------------------
[INFO] Building mavo-wild 1.7.4
[INFO]   from pom.xml
[INFO] --------------------------------[ jar ]---------------------------------
[INFO] 
[INFO] --- resources:3.4.0:resources (default-resources) @ mavo-wild ---
[INFO] Copying 1 resource from src/main/resources to target/classes
[INFO] 
[INFO] --- compiler:3.15.0:compile (default-compile) @ mavo-wild ---
[INFO] Nothing to compile - all classes are up to date.
[INFO] 
[INFO] --- resources:3.4.0:testResources (default-testResources) @ mavo-wild ---
[INFO] skip non existing resourceDirectory /home/runner/work/mavocraft-backup/mavocraft-backup/sources/src-wild/src/test/resources
[INFO] 
[INFO] --- compiler:3.15.0:testCompile (default-testCompile) @ mavo-wild ---
[INFO] No sources to compile
[INFO] 
[INFO] --- surefire:3.5.4:test (default-test) @ mavo-wild ---
[INFO] Tests are skipped.
[INFO] 
[INFO] --- jar:3.5.0:jar (default-jar) @ mavo-wild ---
[INFO] ------------------------------------------------------------------------
[INFO] BUILD SUCCESS
[INFO] ------------------------------------------------------------------------
[INFO] Total time:  1.123 s
[INFO] Finished at: 2026-09-07T01:59:05Z
[INFO] ------------------------------------------------------------------------
